2026-10-08 17:21:01,455 - logger_api - INFO - Sistema de logging inicializado com sucesso!
2026-10-08 17:50:39,748 - logger_api - INFO - O arquivo JSON documentos.json foi criado.
2026-10-08 17:50:39,750 - logger_api - DEBUG - O arquivo documentos.json foi atualizado com 1 registro(s)
2026-10-08 17:53:24,466 - logger_api - DEBUG - O arquivo documentos.json foi atualizado com 2 registro(s)
2026-10-08 17:54:35,973 - logger_api - DEBUG - O arquivo documentos.json foi atualizado com 3 registro(s)
2026-10-08 17:56:48,642 - logger_api - DEBUG - O arquivo documentos.json foi atualizado com 4 registro(s)
2026-10-08 17:59:34,762 - logger_api - DEBUG - O arquivo documentos.json foi atualizado com 5 registro(s)
2026-10-08 18:05:37,348 - logger_api - DEBUG - O arquivo documentos.json foi atualizado com 6 registro(s)
2026-10-08 18:07:04,979 - logger_api - DEBUG - O arquivo documentos.json foi atualizado com 7 registro(s)
2026-10-08 18:13:29,787 - logger_api - DEBUG - O arquivo documentos.json foi atualizado com 8 registro(s)
2026-10-08 18:14:38,327 - logger_api - DEBUG - O arquivo documentos.json foi atualizado com 9 registro(s)
2026-10-08 18:20:48,269 - logger_api - DEBUG - O arquivo documentos.json foi atualizado com 8 registro(s)
2026-10-08 18:22:18,777 - logger_api - DEBUG - O arquivo documentos.json foi atualizado com 8 registro(s)
2026-10-08 18:23:32,150 - logger_api - DEBUG - O arquivo documentos.json foi atualizado com 9 registro(s)
2026-10-08 18:27:04,192 - logger_api - DEBUG - O arquivo documentos.json foi atualizado com 10 registro(s)
2026-10-08 18:28:09,009 - logger_api - DEBUG - O arquivo documentos.json foi atualizado com 11 registro(s)
2026-10-08 18:29:17,892 - logger_api - DEBUG - O arquivo documentos.json foi atualizado com 12 registro(s)
2026-10-08 18:33:52,817 - logger_api - DEBUG - O arquivo documentos.json foi atualizado com 13 registro(s)
2026-10-08 18:35:10,338 - logger_api - DEBUG - O arquivo documentos.json foi atualizado com 14 registro(s)
2026-10-08 18:36:17,947 - logger_api - DEBUG - O arquivo documentos.json foi atualizado com 15 registro(s)
2026-10-08 18:37:24,114 - logger_api - DEBUG - O arquivo documentos.json foi atualizado com 16 registro(s)
2026-10-08 18:43:16,692 - logger_api - DEBUG - O arquivo documentos.json foi atualizado com 17 registro(s)
2026-10-08 18:45:43,541 - logger_api - DEBUG - O arquivo documentos.json foi atualizado com 18 registro(s)
2026-10-08 18:46:57,832 - logger_api - DEBUG - O arquivo documentos.json foi atualizado com 19 registro(s)
2026-10-08 18:47:48,397 - logger_api - DEBUG - O arquivo documentos.json foi atualizado com 20 registro(s)
2026-10-08 20:19:52,791 - logger_api - INFO - Sistema de logging inicializado com sucesso!
2026-10-08 20:20:16,147 - logger_api - INFO - O arquivo JSON backups.json foi criado.
2026-10-08 20:20:16,148 - logger_api - DEBUG - O arquivo backups.json foi atualizado com 1 registro(s)
2026-10-08 20:20:16,148 - logger_api - INFO - backup realizado com sucesso
